error: EnumPtr only supports enums
 --> $DIR/struct.rs:6:8
  |
6 | struct Foo<'a, 'b> {
  |        ^^^
